key1	Total_amt_distinct	Total_amt_max	Total_amt_mean	Total_amt_median	Total_amt_min	Total_amt_sum	Total_count	Total_qty_distinct	Total_qty_max	Total_qty_mean	Total_qty_median	Total_qty_min	Total_qty_sum	amt_count_bar	amt_count_baz	amt_count_foo	amt_distinct_bar	amt_distinct_baz	amt_distinct_foo	amt_max_bar	amt_max_baz	amt_max_foo	amt_mean_bar	amt_mean_baz	amt_mean_foo	amt_median_bar	amt_median_baz	amt_median_foo	amt_min_bar	amt_min_baz	amt_min_foo	amt_sum_bar	amt_sum_baz	amt_sum_foo	qty_count_bar	qty_count_baz	qty_count_foo	qty_distinct_bar	qty_distinct_baz	qty_distinct_foo	qty_max_bar	qty_max_baz	qty_max_foo	qty_mean_bar	qty_mean_baz	qty_mean_foo	qty_median_bar	qty_median_baz	qty_median_foo	qty_min_bar	qty_min_baz	qty_min_foo	qty_sum_bar	qty_sum_baz	qty_sum_foo
'key1'	1	3.30	3.30	3.30	3.30	3.30	1	1	32	32.00	32	32	32	0	1	0	0	1	0		3.30			3.30			3.30			3.30		0.00	3.30	0.00	0	1	0	0	1	0		32			32.00			32			32		0	32	0
Expecting ':' delimiter: line 1 column 34 (char 33)	0					0.00	1	0					0	0	0	0	0	0	0													0.00	0.00	0.00	0	0	0	0	0	0													0	0	0
	1	43.20	43.20	43.20	43.20	43.20	1	1	4	4.00	4	4	4	0	1	0	0	1	0		43.20			43.20			43.20			43.20		0.00	43.20	0.00	0	1	0	0	1	0		4			4.00			4			4		0	4	0
2016-01-01	1	3.00	3.00	3.00	3.00	3.00	2	2	2	1.50	2	1	3	0	0	0	0	0	0													0.00	0.00	0.00	0	0	1	0	0	1			1			1.00			1			1	0	0	1
2017-12-25	1	0.30	0.30	0.30	0.30	0.30	1	1	16	16.00	16	16	16	1	0	0	1	0	0	0.30			0.30			0.30			0.30			0.30	0.00	0.00	1	0	0	1	0	0	16			16.00			16			16			16	0	0
2018-07-27	2	9.10	4.55	9.10	0.01	9.11	3	2	256	160.00	256	64	320	0	1	0	0	1	0		0.01			0.01			0.01			0.01		0.00	0.01	0.00	0	1	0	0	1	0		256			256.00			256			256		0	256	0
2018-10-20	1	0.01	0.01	0.01	0.01	0.01	1	0					0	0	0	1	0	0	1			0.01			0.01			0.01			0.01	0.00	0.00	0.01	0	0	0	0	0	0													0	0	0
