Rep	count	sum_Total	adj_sum_Total
Jones	8	2363.04	2000.01
Jardine	5	2812.19	2812.19
Gill	5	1749.87	1749.87
Kivell	4	3109.44	3109.44
Sorvino	4	1283.61	1283.61
Andrews	4	438.37	438.37
Morgan	3	1387.77	1387.77
Parent	3	3102.30	3102.30
Smith	3	1641.43	1641.43
Thompson	2	1203.11	1203.11
Howard	2	536.75	536.75
