column	errors	nulls	distinct	mode	min	max	median	mean	stdev
amt	2	1	7	0.01	0.01	43.2	3.0	8.42	15.67
key1	2	1	8		2016-01-01	2018-10-20	2018-07-27		
key2	2	1	4	baz					
qty	3	0	7		1	256	16	53.57	92.05
