Item.foo	count	percent	histogram
'TypedWrapper' object has no attribute 'foo'	43	100.00	*********************
