key1	count	sum_qty	avg_qty*amt
2018-10-20	1	0	
2018-07-27	3	320	292.48
2017-12-25	1	16	4.80
2016-01-01	2	3	6.00
	1	4	172.80
'key1'	1	32	105.60
Expecting ':' delimiter: line 1 column 34 (char 33)	1	0	
